# serializer version: 1
# name: test_data_hash
  '928c36c9-b984-5597-9fc6-b20eafa55115'
# ---
